com\mycompany\selectroshope\MAIN_FRAMEemp$17.class
com\mycompany\selectroshope\MAIN_FRAMEemp$27.class
com\mycompany\selectroshope\LOGIN_FRAME.class
com\mycompany\selectroshope\MAIN_FRAME$17.class
com\mycompany\selectroshope\MAIN_FRAME$27.class
com\mycompany\selectroshope\MAIN_FRAMEemp$21.class
com\mycompany\selectroshope\MAIN_FRAME$47.class
com\mycompany\selectroshope\MAIN_FRAME$12.class
com\mycompany\selectroshope\MAIN_FRAME$32.class
com\mycompany\selectroshope\MAIN_FRAME$52.class
com\mycompany\selectroshope\orders$4.class
com\mycompany\selectroshope\MAIN_FRAMEemp$24.class
com\mycompany\selectroshope\MAIN_FRAME$55.class
com\mycompany\selectroshope\LOGIN_FRAME$4.class
com\mycompany\selectroshope\MAIN_FRAME$35.class
com\mycompany\selectroshope\MAIN_FRAMEemp$7.class
com\mycompany\selectroshope\MAIN_FRAME$8.class
com\mycompany\selectroshope\orders$1.class
com\mycompany\selectroshope\MAIN_FRAME$15.class
com\mycompany\selectroshope\MAIN_FRAME$5.class
com\mycompany\selectroshope\MAIN_FRAMEemp$4.class
com\mycompany\selectroshope\MAIN_FRAME.class
com\mycompany\selectroshope\MAIN_FRAME$48.class
com\mycompany\selectroshope\MAIN_FRAMEemp$12.class
com\mycompany\selectroshope\MAIN_FRAMEemp$22.class
com\mycompany\selectroshope\MAIN_FRAME$41.class
com\mycompany\selectroshope\MAIN_FRAMEemp$29.class
com\mycompany\selectroshope\MAIN_FRAMEemp$1.class
com\mycompany\selectroshope\MAIN_FRAME$6.class
com\mycompany\selectroshope\MAIN_FRAME$31.class
com\mycompany\selectroshope\LOGIN_FRAME$5.class
com\mycompany\selectroshope\MAIN_FRAMEemp$28.class
com\mycompany\selectroshope\MAIN_FRAME$19.class
com\mycompany\selectroshope\MAIN_FRAME$24.class
com\mycompany\selectroshope\MAIN_FRAMEemp$8.class
com\mycompany\selectroshope\MAIN_FRAME$54.class
com\mycompany\selectroshope\MAIN_FRAMEemp$9.class
com\mycompany\selectroshope\MAIN_FRAME$14.class
com\mycompany\selectroshope\MAIN_FRAMEemp$2.class
com\mycompany\selectroshope\MAIN_FRAME$37.class
com\mycompany\selectroshope\MAIN_FRAMEemp$11.class
com\mycompany\selectroshope\MAIN_FRAME$42.class
com\mycompany\selectroshope\MAIN_FRAME$30.class
com\mycompany\selectroshope\orders$3.class
com\mycompany\selectroshope\MAIN_FRAME$25.class
com\mycompany\selectroshope\MAIN_FRAME$33.class
com\mycompany\selectroshope\MAIN_FRAMEemp$3.class
com\mycompany\selectroshope\MAIN_FRAME$4.class
com\mycompany\selectroshope\MAIN_FRAMEemp.class
com\mycompany\selectroshope\MAIN_FRAME$13.class
com\mycompany\selectroshope\MAIN_FRAMEemp$20.class
com\mycompany\selectroshope\MAIN_FRAMEemp$30.class
com\mycompany\selectroshope\MAIN_FRAME$23.class
com\mycompany\selectroshope\MAIN_FRAME$43.class
com\mycompany\selectroshope\orders$5.class
com\mycompany\selectroshope\MAIN_FRAME$53.class
com\mycompany\selectroshope\MAIN_FRAMEemp$10.class
com\mycompany\selectroshope\MAIN_FRAME$56.class
com\mycompany\selectroshope\MAIN_FRAME$36.class
com\mycompany\selectroshope\MAIN_FRAMEemp$6.class
com\mycompany\selectroshope\MAIN_FRAME$7.class
com\mycompany\selectroshope\orders$2.class
com\mycompany\selectroshope\MAIN_FRAME$26.class
com\mycompany\selectroshope\MAIN_FRAME$46.class
com\mycompany\selectroshope\LOGIN_FRAME$3.class
com\mycompany\selectroshope\MAIN_FRAME$1.class
com\mycompany\selectroshope\MAIN_FRAMEemp$13.class
com\mycompany\selectroshope\LOADING_FRAME.class
com\mycompany\selectroshope\MAIN_FRAMEemp$23.class
com\mycompany\selectroshope\MAIN_FRAMEemp$33.class
com\mycompany\selectroshope\MAIN_FRAME$49.class
com\mycompany\selectroshope\MAIN_FRAMEemp$18.class
com\mycompany\selectroshope\MAIN_FRAMEemp$16.class
com\mycompany\selectroshope\MAIN_FRAME$18.class
com\mycompany\selectroshope\MAIN_FRAME$38.class
com\mycompany\selectroshope\MAIN_FRAME$40.class
com\mycompany\selectroshope\MAIN_FRAME$20.class
com\mycompany\selectroshope\LOGIN_FRAME$1.class
com\mycompany\selectroshope\MAIN_FRAME$51.class
com\mycompany\selectroshope\MAIN_FRAMEemp$32.class
com\mycompany\selectroshope\LOADING_FRAME$1.class
com\mycompany\selectroshope\MAIN_FRAMEemp$19.class
com\mycompany\selectroshope\MAIN_FRAME$2.class
com\mycompany\selectroshope\MAIN_FRAMEemp$5.class
com\mycompany\selectroshope\MAIN_FRAMEemp$15.class
com\mycompany\selectroshope\MAIN_FRAMEemp$25.class
com\mycompany\selectroshope\MAIN_FRAME$21.class
com\mycompany\selectroshope\MAIN_FRAME$11.class
com\mycompany\selectroshope\MAIN_FRAME$44.class
com\mycompany\selectroshope\Selectroshope.class
com\mycompany\selectroshope\MAIN_FRAME$29.class
com\mycompany\selectroshope\MAIN_FRAME$34.class
com\mycompany\selectroshope\MAIN_FRAME$9.class
com\mycompany\selectroshope\MAIN_FRAME$39.class
com\mycompany\selectroshope\MAIN_FRAME$3.class
com\mycompany\selectroshope\LOGIN_FRAME$2.class
com\mycompany\selectroshope\MAIN_FRAMEemp$26.class
com\mycompany\selectroshope\MAIN_FRAME$16.class
com\mycompany\selectroshope\MAIN_FRAMEemp$31.class
com\mycompany\selectroshope\MAIN_FRAME$22.class
com\mycompany\selectroshope\MAIN_FRAME$45.class
com\mycompany\selectroshope\MAIN_FRAMEemp$14.class
com\mycompany\selectroshope\MAIN_FRAME$28.class
com\mycompany\selectroshope\MAIN_FRAME$10.class
com\mycompany\selectroshope\orders$6.class
com\mycompany\selectroshope\MAIN_FRAME$50.class
com\mycompany\selectroshope\orders.class
